[2026-09-08 17:35:26] INFO    RippleGuard scan started. Scan ID: RG-20260908-1FD65E
[2026-09-08 17:35:26] INFO    Dependency analysis started.
[2026-09-08 17:35:26] INFO    Dependency graph created. Packages discovered: 87
[2026-09-08 17:35:26] INFO    Dependency analysis completed.
[2026-09-08 17:35:26] INFO    Taint analysis started.
[2026-09-08 17:35:30] WARNING SQL Injection detected in test_project\app.py at line 12
[2026-09-08 17:35:32] WARNING Command Injection detected in test_project\app.py at line 18
[2026-09-08 17:35:35] WARNING Path Traversal detected in test_project\app.py at line 24
[2026-09-08 17:35:35] INFO    Taint analysis completed. Findings discovered: 3
[2026-09-08 17:35:35] INFO    ZAP scan started against http://host.docker.internal:5000
[2026-09-08 17:38:21] WARNING ZAP detected Cross Site Scripting (DOM Based) (HIGH) at http://host.docker.internal:5000
[2026-09-08 17:38:21] WARNING ZAP detected Cross Site Scripting (Reflected) (HIGH) at http://host.docker.internal:5000
[2026-09-08 17:38:21] WARNING ZAP detected Source Code Disclosure - File Inclusion (HIGH) at http://host.docker.internal:5000
[2026-09-08 17:38:21] WARNING ZAP detected Content Security Policy (CSP) Header Not Set (MEDIUM) at http://host.docker.internal:5000
[2026-09-08 17:38:21] WARNING ZAP detected Missing Anti-clickjacking Header (MEDIUM) at http://host.docker.internal:5000
[2026-09-08 17:38:21] WARNING ZAP detected Cross-Origin-Embedder-Policy Header Missing or Invalid (LOW) at http://host.docker.internal:5000
[2026-09-08 17:38:21] WARNING ZAP detected Cross-Origin-Opener-Policy Header Missing or Invalid (LOW) at http://host.docker.internal:5000
[2026-09-08 17:38:21] WARNING ZAP detected Cross-Origin-Resource-Policy Header Missing or Invalid (LOW) at http://host.docker.internal:5000
[2026-09-08 17:38:21] WARNING ZAP detected Permissions Policy Header Not Set (LOW) at http://host.docker.internal:5000
[2026-09-08 17:38:21] WARNING ZAP detected Server Leaks Version Information via "Server" HTTP Response Header Field (LOW) at http://host.docker.internal:5000
[2026-09-08 17:38:21] WARNING ZAP detected X-Content-Type-Options Header Missing (LOW) at http://host.docker.internal:5000
[2026-09-08 17:38:21] WARNING ZAP detected Storable and Cacheable Content (INFO) at http://host.docker.internal:5000
[2026-09-08 17:38:21] INFO    ZAP scan completed. Findings discovered: 12
[2026-09-08 17:38:21] INFO    Risk calculation started.
[2026-09-08 17:38:21] INFO    Overall risk: 5.7/10
[2026-09-08 17:38:21] INFO    Risk level: MEDIUM
[2026-09-08 17:38:21] INFO    Risk calculation completed.
[2026-09-08 17:38:21] INFO    RippleGuard scan completed. Scan ID: RG-20260908-1FD65E
