[2026-09-08 17:20:43] INFO    RippleGuard scan started. Scan ID: RG-20260908-101FAB
[2026-09-08 17:20:43] INFO    Dependency analysis started.
[2026-09-08 17:20:43] INFO    Dependency graph created. Packages discovered: 87
[2026-09-08 17:20:43] INFO    Dependency analysis completed.
[2026-09-08 17:20:43] INFO    Taint analysis started.
[2026-09-08 17:20:48] WARNING SQL Injection detected in test_project\app.py at line 12
[2026-09-08 17:20:51] WARNING Command Injection detected in test_project\app.py at line 18
[2026-09-08 17:20:54] WARNING Path Traversal detected in test_project\app.py at line 24
[2026-09-08 17:20:54] INFO    Taint analysis completed. Findings discovered: 3
[2026-09-08 17:20:54] INFO    ZAP scan started against http://host.docker.internal:5000
[2026-09-08 17:23:47] WARNING ZAP detected Cross Site Scripting (DOM Based) (HIGH) at http://host.docker.internal:5000
[2026-09-08 17:23:47] WARNING ZAP detected Cross Site Scripting (Reflected) (HIGH) at http://host.docker.internal:5000
[2026-09-08 17:23:47] WARNING ZAP detected Source Code Disclosure - File Inclusion (HIGH) at http://host.docker.internal:5000
[2026-09-08 17:23:47] WARNING ZAP detected Content Security Policy (CSP) Header Not Set (MEDIUM) at http://host.docker.internal:5000
[2026-09-08 17:23:47] WARNING ZAP detected Missing Anti-clickjacking Header (MEDIUM) at http://host.docker.internal:5000
[2026-09-08 17:23:47] WARNING ZAP detected Cross-Origin-Embedder-Policy Header Missing or Invalid (LOW) at http://host.docker.internal:5000
[2026-09-08 17:23:47] WARNING ZAP detected Cross-Origin-Opener-Policy Header Missing or Invalid (LOW) at http://host.docker.internal:5000
[2026-09-08 17:23:47] WARNING ZAP detected Cross-Origin-Resource-Policy Header Missing or Invalid (LOW) at http://host.docker.internal:5000
[2026-09-08 17:23:47] WARNING ZAP detected Permissions Policy Header Not Set (LOW) at http://host.docker.internal:5000
[2026-09-08 17:23:47] WARNING ZAP detected Server Leaks Version Information via "Server" HTTP Response Header Field (LOW) at http://host.docker.internal:5000
[2026-09-08 17:23:47] WARNING ZAP detected X-Content-Type-Options Header Missing (LOW) at http://host.docker.internal:5000
[2026-09-08 17:23:47] WARNING ZAP detected Storable and Cacheable Content (INFO) at http://host.docker.internal:5000
[2026-09-08 17:23:47] INFO    ZAP scan completed. Findings discovered: 12
[2026-09-08 17:23:47] INFO    RippleGuard scan completed. Scan ID: RG-20260908-101FAB
