[2026-09-08 23:15:22] INFO    RippleGuard scan started. Scan ID: RG-20260908-1B5660
[2026-09-08 23:15:22] INFO    Dependency analysis started.
[2026-09-08 23:15:23] INFO    Dependency graph created. Packages discovered: 87
[2026-09-08 23:15:23] INFO    Dependency analysis completed.
[2026-09-08 23:15:23] INFO    Taint analysis started.
[2026-09-08 23:15:29] WARNING SQL Injection detected in test_project\app.py at line 12
[2026-09-08 23:15:33] WARNING Command Injection detected in test_project\app.py at line 18
[2026-09-08 23:15:37] WARNING Path Traversal detected in test_project\app.py at line 24
[2026-09-08 23:15:37] INFO    Taint analysis completed. Findings discovered: 3
[2026-09-08 23:15:37] INFO    ZAP scan started against http://host.docker.internal:5000
[2026-09-08 23:18:22] WARNING ZAP detected Cross Site Scripting (DOM Based) (HIGH) at http://host.docker.internal:5000
[2026-09-08 23:18:22] WARNING ZAP detected Cross Site Scripting (Reflected) (HIGH) at http://host.docker.internal:5000
[2026-09-08 23:18:22] WARNING ZAP detected Source Code Disclosure - File Inclusion (HIGH) at http://host.docker.internal:5000
[2026-09-08 23:18:22] WARNING ZAP detected Content Security Policy (CSP) Header Not Set (MEDIUM) at http://host.docker.internal:5000
[2026-09-08 23:18:22] WARNING ZAP detected HTTP Only Site (MEDIUM) at http://host.docker.internal:5000
[2026-09-08 23:18:22] WARNING ZAP detected Missing Anti-clickjacking Header (MEDIUM) at http://host.docker.internal:5000
[2026-09-08 23:18:22] WARNING ZAP detected Cross-Origin-Embedder-Policy Header Missing or Invalid (LOW) at http://host.docker.internal:5000
[2026-09-08 23:18:22] WARNING ZAP detected Cross-Origin-Opener-Policy Header Missing or Invalid (LOW) at http://host.docker.internal:5000
[2026-09-08 23:18:22] WARNING ZAP detected Cross-Origin-Resource-Policy Header Missing or Invalid (LOW) at http://host.docker.internal:5000
[2026-09-08 23:18:22] WARNING ZAP detected Permissions Policy Header Not Set (LOW) at http://host.docker.internal:5000
[2026-09-08 23:18:22] WARNING ZAP detected Server Leaks Version Information via "Server" HTTP Response Header Field (LOW) at http://host.docker.internal:5000
[2026-09-08 23:18:22] WARNING ZAP detected X-Content-Type-Options Header Missing (LOW) at http://host.docker.internal:5000
[2026-09-08 23:18:22] WARNING ZAP detected Storable and Cacheable Content (INFO) at http://host.docker.internal:5000
[2026-09-08 23:18:22] INFO    ZAP scan completed. Findings discovered: 13
[2026-09-08 23:18:22] INFO    Trivy fs scan started: test_project
[2026-09-08 23:18:53] INFO    Trivy scan completed. Findings discovered: 0
[2026-09-08 23:18:53] INFO    Risk calculation started.
[2026-09-08 23:18:53] INFO    Overall risk: 5.7/10
[2026-09-08 23:18:53] INFO    Risk level: MEDIUM
[2026-09-08 23:18:53] INFO    Risk calculation completed.
[2026-09-08 23:18:53] INFO    RippleGuard scan completed. Scan ID: RG-20260908-1B5660
[2026-09-08 23:18:53] INFO    JSON report saved: reports\RG-20260908-1B5660.json
